---
source: crates/yuck/src/parser/mod.rs
assertion_line: 68
expression: "p.parse(0, Lexer::new(0, \"\\\"h\\\\\\\"i\\\"\".to_string()))"
---
Ok(
    "h"i",
)
