---
source: crates/yuck/src/parser/mod.rs
assertion_line: 68
expression: "p.parse(0, Lexer::new(0, r#\"(test \"hi\")\"#.to_string()))"
---
Ok(
    (test "hi"),
)
