---
source: crates/yuck/src/parser/mod.rs
assertion_line: 68
expression: "p.parse(0, Lexer::new(0, r#\"(f arg ; test\n        arg2)\"#.to_string()))"
---
Ok(
    (f arg arg2),
)
