---
source: crates/yuck/src/parser/mod.rs
assertion_line: 68
expression: "p.parse(0, Lexer::new(0, \"(1 :foo 1)\".to_string()))"
---
Ok(
    ("1" :foo "1"),
)
